chio-sdk metadata version 0.1.0 verified
* Creating isolated environment: venv+pip...
* Installing packages in isolated environment:
  - setuptools>=68
* Getting build dependencies for sdist...
running egg_info
creating src/chio_sdk.egg-info
writing src/chio_sdk.egg-info/PKG-INFO
writing dependency_links to src/chio_sdk.egg-info/dependency_links.txt
writing requirements to src/chio_sdk.egg-info/requires.txt
writing top-level names to src/chio_sdk.egg-info/top_level.txt
writing manifest file 'src/chio_sdk.egg-info/SOURCES.txt'
reading manifest file 'src/chio_sdk.egg-info/SOURCES.txt'
reading manifest template 'MANIFEST.in'
no previously-included directories found matching 'src/chio.egg-info'
no previously-included directories found matching 'src/chio_py.egg-info'
warning: no previously-included files matching '__pycache__' found anywhere in distribution
warning: no previously-included files matching '*.py[cod]' found anywhere in distribution
writing manifest file 'src/chio_sdk.egg-info/SOURCES.txt'
* Installed build dependency versions:
  - setuptools==84.0.0
* Building sdist...
running sdist
running egg_info
writing src/chio_sdk.egg-info/PKG-INFO
writing dependency_links to src/chio_sdk.egg-info/dependency_links.txt
writing requirements to src/chio_sdk.egg-info/requires.txt
writing top-level names to src/chio_sdk.egg-info/top_level.txt
reading manifest file 'src/chio_sdk.egg-info/SOURCES.txt'
reading manifest template 'MANIFEST.in'
no previously-included directories found matching 'src/chio.egg-info'
no previously-included directories found matching 'src/chio_py.egg-info'
warning: no previously-included files matching '__pycache__' found anywhere in distribution
warning: no previously-included files matching '*.py[cod]' found anywhere in distribution
writing manifest file 'src/chio_sdk.egg-info/SOURCES.txt'
running check
creating chio_sdk-0.1.0
creating chio_sdk-0.1.0/src/chio
creating chio_sdk-0.1.0/src/chio/invariants
creating chio_sdk-0.1.0/src/chio_sdk.egg-info
creating chio_sdk-0.1.0/tests
copying files to chio_sdk-0.1.0...
copying MANIFEST.in -> chio_sdk-0.1.0
copying README.md -> chio_sdk-0.1.0
copying pyproject.toml -> chio_sdk-0.1.0
copying src/chio/__init__.py -> chio_sdk-0.1.0/src/chio
copying src/chio/auth.py -> chio_sdk-0.1.0/src/chio
copying src/chio/client.py -> chio_sdk-0.1.0/src/chio
copying src/chio/errors.py -> chio_sdk-0.1.0/src/chio
copying src/chio/models.py -> chio_sdk-0.1.0/src/chio
copying src/chio/nested.py -> chio_sdk-0.1.0/src/chio
copying src/chio/py.typed -> chio_sdk-0.1.0/src/chio
copying src/chio/receipt_query.py -> chio_sdk-0.1.0/src/chio
copying src/chio/session.py -> chio_sdk-0.1.0/src/chio
copying src/chio/transport.py -> chio_sdk-0.1.0/src/chio
copying src/chio/version.py -> chio_sdk-0.1.0/src/chio
copying src/chio/invariants/__init__.py -> chio_sdk-0.1.0/src/chio/invariants
copying src/chio/invariants/capability.py -> chio_sdk-0.1.0/src/chio/invariants
copying src/chio/invariants/hashing.py -> chio_sdk-0.1.0/src/chio/invariants
copying src/chio/invariants/json.py -> chio_sdk-0.1.0/src/chio/invariants
copying src/chio/invariants/manifest.py -> chio_sdk-0.1.0/src/chio/invariants
copying src/chio/invariants/receipt.py -> chio_sdk-0.1.0/src/chio/invariants
copying src/chio/invariants/signing.py -> chio_sdk-0.1.0/src/chio/invariants
copying src/chio_sdk.egg-info/PKG-INFO -> chio_sdk-0.1.0/src/chio_sdk.egg-info
copying src/chio_sdk.egg-info/SOURCES.txt -> chio_sdk-0.1.0/src/chio_sdk.egg-info
copying src/chio_sdk.egg-info/dependency_links.txt -> chio_sdk-0.1.0/src/chio_sdk.egg-info
copying src/chio_sdk.egg-info/requires.txt -> chio_sdk-0.1.0/src/chio_sdk.egg-info
copying src/chio_sdk.egg-info/top_level.txt -> chio_sdk-0.1.0/src/chio_sdk.egg-info
copying tests/test_auth.py -> chio_sdk-0.1.0/tests
copying tests/test_client.py -> chio_sdk-0.1.0/tests
copying tests/test_manifest.py -> chio_sdk-0.1.0/tests
copying tests/test_nested.py -> chio_sdk-0.1.0/tests
copying tests/test_receipt_query.py -> chio_sdk-0.1.0/tests
copying tests/test_transport.py -> chio_sdk-0.1.0/tests
copying tests/test_vectors.py -> chio_sdk-0.1.0/tests
Writing chio_sdk-0.1.0/setup.cfg
Creating tar archive
removing 'chio_sdk-0.1.0' (and everything under it)
* Creating isolated environment: venv+pip...
* Installing packages in isolated environment:
  - setuptools>=68
* Getting build dependencies for wheel...
running egg_info
writing src/chio_sdk.egg-info/PKG-INFO
writing dependency_links to src/chio_sdk.egg-info/dependency_links.txt
writing requirements to src/chio_sdk.egg-info/requires.txt
writing top-level names to src/chio_sdk.egg-info/top_level.txt
reading manifest file 'src/chio_sdk.egg-info/SOURCES.txt'
reading manifest template 'MANIFEST.in'
no previously-included directories found matching 'src/chio.egg-info'
no previously-included directories found matching 'src/chio_py.egg-info'
warning: no previously-included files matching '__pycache__' found anywhere in distribution
warning: no previously-included files matching '*.py[cod]' found anywhere in distribution
writing manifest file 'src/chio_sdk.egg-info/SOURCES.txt'
* Installed build dependency versions:
  - setuptools==84.0.0
* Building wheel...
running bdist_wheel
running build
running build_py
creating build/lib/chio
copying src/chio/auth.py -> build/lib/chio
copying src/chio/version.py -> build/lib/chio
copying src/chio/models.py -> build/lib/chio
copying src/chio/transport.py -> build/lib/chio
copying src/chio/client.py -> build/lib/chio
copying src/chio/session.py -> build/lib/chio
copying src/chio/__init__.py -> build/lib/chio
copying src/chio/errors.py -> build/lib/chio
copying src/chio/receipt_query.py -> build/lib/chio
copying src/chio/nested.py -> build/lib/chio
creating build/lib/chio/invariants
copying src/chio/invariants/signing.py -> build/lib/chio/invariants
copying src/chio/invariants/manifest.py -> build/lib/chio/invariants
copying src/chio/invariants/__init__.py -> build/lib/chio/invariants
copying src/chio/invariants/capability.py -> build/lib/chio/invariants
copying src/chio/invariants/receipt.py -> build/lib/chio/invariants
copying src/chio/invariants/json.py -> build/lib/chio/invariants
copying src/chio/invariants/hashing.py -> build/lib/chio/invariants
running egg_info
writing src/chio_sdk.egg-info/PKG-INFO
writing dependency_links to src/chio_sdk.egg-info/dependency_links.txt
writing requirements to src/chio_sdk.egg-info/requires.txt
writing top-level names to src/chio_sdk.egg-info/top_level.txt
reading manifest file 'src/chio_sdk.egg-info/SOURCES.txt'
reading manifest template 'MANIFEST.in'
no previously-included directories found matching 'src/chio.egg-info'
no previously-included directories found matching 'src/chio_py.egg-info'
warning: no previously-included files matching '__pycache__' found anywhere in distribution
warning: no previously-included files matching '*.py[cod]' found anywhere in distribution
writing manifest file 'src/chio_sdk.egg-info/SOURCES.txt'
copying src/chio/py.typed -> build/lib/chio
installing to build/bdist.macosx-14.2-arm64/wheel
running install
running install_lib
creating build/bdist.macosx-14.2-arm64/wheel
creating build/bdist.macosx-14.2-arm64/wheel/chio
copying build/lib/chio/auth.py -> build/bdist.macosx-14.2-arm64/wheel/./chio
copying build/lib/chio/version.py -> build/bdist.macosx-14.2-arm64/wheel/./chio
copying build/lib/chio/models.py -> build/bdist.macosx-14.2-arm64/wheel/./chio
copying build/lib/chio/transport.py -> build/bdist.macosx-14.2-arm64/wheel/./chio
copying build/lib/chio/client.py -> build/bdist.macosx-14.2-arm64/wheel/./chio
copying build/lib/chio/session.py -> build/bdist.macosx-14.2-arm64/wheel/./chio
copying build/lib/chio/__init__.py -> build/bdist.macosx-14.2-arm64/wheel/./chio
creating build/bdist.macosx-14.2-arm64/wheel/chio/invariants
copying build/lib/chio/invariants/signing.py -> build/bdist.macosx-14.2-arm64/wheel/./chio/invariants
copying build/lib/chio/invariants/manifest.py -> build/bdist.macosx-14.2-arm64/wheel/./chio/invariants
copying build/lib/chio/invariants/__init__.py -> build/bdist.macosx-14.2-arm64/wheel/./chio/invariants
copying build/lib/chio/invariants/capability.py -> build/bdist.macosx-14.2-arm64/wheel/./chio/invariants
copying build/lib/chio/invariants/receipt.py -> build/bdist.macosx-14.2-arm64/wheel/./chio/invariants
copying build/lib/chio/invariants/json.py -> build/bdist.macosx-14.2-arm64/wheel/./chio/invariants
copying build/lib/chio/invariants/hashing.py -> build/bdist.macosx-14.2-arm64/wheel/./chio/invariants
copying build/lib/chio/py.typed -> build/bdist.macosx-14.2-arm64/wheel/./chio
copying build/lib/chio/errors.py -> build/bdist.macosx-14.2-arm64/wheel/./chio
copying build/lib/chio/receipt_query.py -> build/bdist.macosx-14.2-arm64/wheel/./chio
copying build/lib/chio/nested.py -> build/bdist.macosx-14.2-arm64/wheel/./chio
running install_egg_info
Copying src/chio_sdk.egg-info to build/bdist.macosx-14.2-arm64/wheel/./chio_sdk-0.1.0-py3.11.egg-info
running install_scripts
creating build/bdist.macosx-14.2-arm64/wheel/chio_sdk-0.1.0.dist-info/WHEEL
creating '/var/folders/jy/95wms_mn265f0bpj_v6wc4zh0000gn/T/chio-sdk-release.mwMSJF/dist/.tmp-3u5x3lyo/chio_sdk-0.1.0-py3-none-any.whl' and adding 'build/bdist.macosx-14.2-arm64/wheel' to it
adding 'chio/__init__.py'
adding 'chio/auth.py'
adding 'chio/client.py'
adding 'chio/errors.py'
adding 'chio/models.py'
adding 'chio/nested.py'
adding 'chio/py.typed'
adding 'chio/receipt_query.py'
adding 'chio/session.py'
adding 'chio/transport.py'
adding 'chio/version.py'
adding 'chio/invariants/__init__.py'
adding 'chio/invariants/capability.py'
adding 'chio/invariants/hashing.py'
adding 'chio/invariants/json.py'
adding 'chio/invariants/manifest.py'
adding 'chio/invariants/receipt.py'
adding 'chio/invariants/signing.py'
adding 'chio_sdk-0.1.0.dist-info/METADATA'
adding 'chio_sdk-0.1.0.dist-info/WHEEL'
adding 'chio_sdk-0.1.0.dist-info/top_level.txt'
adding 'chio_sdk-0.1.0.dist-info/RECORD'
removing build/bdist.macosx-14.2-arm64/wheel
Successfully built chio_sdk-0.1.0.tar.gz and chio_sdk-0.1.0-py3-none-any.whl
Checking 
/var/folders/jy/95wms_mn265f0bpj_v6wc4zh0000gn/T//chio-sdk-release.mwMSJF/dist/c
hio_sdk-0.1.0-py3-none-any.whl: PASSED
Checking 
/var/folders/jy/95wms_mn265f0bpj_v6wc4zh0000gn/T//chio-sdk-release.mwMSJF/dist/c
hio_sdk-0.1.0.tar.gz: PASSED
validated wheel chio_sdk-0.1.0-py3-none-any.whl and sdist chio_sdk-0.1.0.tar.gz
wheel smoke verified chio-sdk 0.1.0
sdist smoke verified chio-sdk 0.1.0
chio-sdk-python metadata version 0.1.0 verified
* Creating isolated environment: venv+pip...
* Installing packages in isolated environment:
  - hatchling
* Getting build dependencies for sdist...
* Installed build dependency versions:
  - hatchling==1.32.0
* Building sdist...
* Creating isolated environment: venv+pip...
* Installing packages in isolated environment:
  - hatchling
* Getting build dependencies for wheel...
* Installed build dependency versions:
  - hatchling==1.32.0
* Building wheel...
Successfully built chio_sdk_python-0.1.0.tar.gz and chio_sdk_python-0.1.0-py3-none-any.whl
Checking 
/var/folders/jy/95wms_mn265f0bpj_v6wc4zh0000gn/T//chio-sdk-release.mwMSJF/genera
ted-dist/chio_sdk_python-0.1.0-py3-none-any.whl: PASSED
Checking 
/var/folders/jy/95wms_mn265f0bpj_v6wc4zh0000gn/T//chio-sdk-release.mwMSJF/genera
ted-dist/chio_sdk_python-0.1.0.tar.gz: PASSED
validated generated SDK wheel chio_sdk_python-0.1.0-py3-none-any.whl and sdist chio_sdk_python-0.1.0.tar.gz
wheel smoke verified chio-sdk-python
sdist smoke verified chio-sdk-python
